Fitter Place Stage Report for axi4lite_subsystem
Sun Jul  5 18:22:05 2026
Quartus Prime Version 26.1.0 Build 110 03/26/2026 SC Pro Edition


---------------------
; Table of Contents ;
---------------------
  1. Legal Notice
  2. Fitter Resource Usage Summary
  3. Fitter Resource Utilization by Entity
  4. Fitter RAM Summary
  5. Fitter Physical RAM Information
  6. Place Messages



----------------
; Legal Notice ;
----------------
Copyright (C) 2026  Altera Corporation. All rights reserved.
Your use of Altera Corporation's design tools, logic functions 
and other software and tools, and any partner logic 
functions, and any output files from any of the foregoing 
(including device programming or simulation files), and any 
associated documentation or information are expressly subject 
to the terms and conditions of the Altera Program License 
Subscription Agreement, the Altera Quartus Prime License Agreement,
the Altera IP License Agreement, or other applicable license
agreement, including, without limitation, that your use is for
the sole purpose of programming logic devices manufactured by
Altera and sold by Altera or its authorized distributors.  Please
refer to the Altera Software License Subscription Agreements 
on the Quartus Prime software download page.



+------------------------------------------------------------------------------------------+
; Fitter Resource Usage Summary                                                            ;
+-------------------------------------------------------------+--------------------+-------+
; Resource                                                    ; Usage              ; %     ;
+-------------------------------------------------------------+--------------------+-------+
; Usage Report Generated after: Place                         ;                    ;       ;
;                                                             ;                    ;       ;
; Logic utilization (ALMs needed / total ALMs on device)      ; 499 / 80,330       ; < 1 % ;
; ALMs needed [=A-B+C]                                        ; 499                ;       ;
;     [A] ALMs used in final placement [=a+b+c+d]             ; 545 / 80,330       ; < 1 % ;
;         [a] ALMs used for LUT logic and registers           ; 222                ;       ;
;         [b] ALMs used for LUT logic                         ; 238                ;       ;
;         [c] ALMs used for registers                         ; 85                 ;       ;
;         [d] ALMs used for memory (up to half of total ALMs) ; 0                  ;       ;
;     [B] Estimate of ALMs recoverable by dense packing       ; 48 / 80,330        ; < 1 % ;
;     [C] Estimate of ALMs unavailable [=a+b+c+d]             ; 2 / 80,330         ; < 1 % ;
;         [a] Due to location constrained logic               ; 0                  ;       ;
;         [b] Due to LAB-wide signal conflicts                ; 1                  ;       ;
;         [c] Due to LAB input limits                         ; 1                  ;       ;
;         [d] Due to virtual I/Os                             ; 0                  ;       ;
;                                                             ;                    ;       ;
; Difficulty packing design                                   ; Low                ;       ;
;                                                             ;                    ;       ;
; Total LABs:  partially or completely used                   ; 64 / 8,033         ; < 1 % ;
;     -- Logic LABs                                           ; 64                 ;       ;
;     -- Memory LABs (up to half of total LABs)               ; 0                  ;       ;
;                                                             ;                    ;       ;
; Combinational ALUT usage for logic                          ; 705                ;       ;
;     -- 7 input functions                                    ; 33                 ;       ;
;     -- 6 input functions                                    ; 307                ;       ;
;     -- 5 input functions                                    ; 60                 ;       ;
;     -- 4 input functions                                    ; 41                 ;       ;
;     -- <=3 input functions                                  ; 264                ;       ;
; Combinational ALUT usage for route-throughs                 ; 117                ;       ;
;                                                             ;                    ;       ;
; Dedicated logic registers                                   ; 676                ;       ;
;     -- By type:                                             ;                    ;       ;
;         -- Primary logic registers                          ; 612 / 160,660      ; < 1 % ;
;         -- Secondary logic registers                        ; 64 / 160,660       ; < 1 % ;
;     -- By function:                                         ;                    ;       ;
;         -- Design implementation registers                  ; 676                ;       ;
;         -- Routing optimization registers                   ; 0                  ;       ;
;                                                             ;                    ;       ;
; ALMs adjustment for power estimation                        ; 25                 ;       ;
;                                                             ;                    ;       ;
; Virtual pins                                                ; 0                  ;       ;
; I/O pins                                                    ; 248 / 340          ; 73 %  ;
;     -- Clock pins                                           ; 10 / 16            ; 63 %  ;
;     -- Dedicated input pins                                 ; 0 / 35             ; 0 %   ;
;                                                             ;                    ;       ;
; M20K blocks                                                 ; 1 / 587            ; < 1 % ;
; Total MLAB memory bits                                      ; 0                  ;       ;
; Total block memory bits                                     ; 8,192 / 12,021,760 ; < 1 % ;
;                                                             ;                    ;       ;
; DSP Blocks Needed [=A+B+C-D]                                ; 0 / 192            ; 0 %   ;
;     [A] Total Fixed Point DSP Blocks                        ; 0                  ;       ;
;     [B] Total Floating Point DSP Blocks                     ; 0                  ;       ;
;     [C] Total DSP_PRIME Blocks                              ; 0                  ;       ;
;     [D] Estimate of DSP Blocks recoverable by dense merging ; 0                  ;       ;
;                                                             ;                    ;       ;
; IOPLLs                                                      ; 0 / 6              ; 0 %   ;
; FPLLs                                                       ; 0 / 4              ; 0 %   ;
; Global signals                                              ; 2                  ;       ;
;     -- Global clocks                                        ; 2 / 32             ; 6 %   ;
;     -- Regional clocks                                      ; 0 / 8              ; 0 %   ;
;     -- Periphery clocks                                     ; 0 / 144            ; 0 %   ;
; JTAGs                                                       ; 0 / 1              ; 0 %   ;
; ASMI blocks                                                 ; 0 / 1              ; 0 %   ;
; CRC blocks                                                  ; 0 / 1              ; 0 %   ;
; Remote update blocks                                        ; 0 / 1              ; 0 %   ;
; Oscillator blocks                                           ; 0 / 1              ; 0 %   ;
; PCIe Hard IPs                                               ; 0 / 1              ; 0 %   ;
; HSSI RX PCSs                                                ; 0 / 12             ; 0 %   ;
; HSSI PMA RX DESERs                                          ; 0 / 12             ; 0 %   ;
; HSSI TX PCSs                                                ; 0 / 12             ; 0 %   ;
; HSSI PMA TX SERs                                            ; 0 / 12             ; 0 %   ;
; HSSI CDR PLL                                                ; 0 / 12             ; 0 %   ;
;     -- CDR PLLs for Unused RX Clock Workaround              ; 0 / 12             ; 0 %   ;
; HSSI ATX PLL                                                ; 0 / 4              ; 0 %   ;
; Impedance control blocks                                    ; 0 / 7              ; 0 %   ;
; Maximum fan-out                                             ; 708                ;       ;
; Highest non-global fan-out                                  ; 135                ;       ;
; Total fan-out                                               ; 7174               ;       ;
; Average fan-out                                             ; 3.32               ;       ;
+-------------------------------------------------------------+--------------------+-------+
The Fitter Resource Usage Summary report displays a detailed analysis of logic utilization based on calculations of ALM usage. Refer to <a class="xref" href="https://www.intel.com/content/www/us/en/programmable/quartushelp/current/index.htm#mapIdTopics/mwh1465496451103.htm" target="_blank">Fitter Resource Usage Summary Report</a> in the <i>Intel® Quartus® Prime Pro Edition Help</i> for more information.


+-------------------------------------------------------------------------------------------------------------------------------------------------------------------------------------------------------------------------------------------------------------------------------------------------------------------------------------------------------------------------------------------------------------------------------------------------------------------------------------------------------------------------------------+
; Fitter Resource Utilization by Entity                                                                                                                                                                                                                                                                                                                                                                                                                                                                                               ;
+------------------------------+----------------------+----------------------------------+---------------------------------------------------+----------------------------------+----------------------+---------------------+---------------------------+---------------+-------------------+-------+--------------------------+----------------------------------------+---------------------------------------------------+------+--------------+--------+---------------------------------------+------------------+--------------+
; Compilation Hierarchy Node   ; ALMs needed [=A-B+C] ; [A] ALMs used in final placement ; [B] Estimate of ALMs recoverable by dense packing ; [C] Estimate of ALMs unavailable ; ALMs used for memory ; Combinational ALUTs ; Dedicated Logic Registers ; I/O Registers ; Block Memory Bits ; M20Ks ; DSP Blocks needed [=A-B] ; [A] DSP Blocks used in final placement ; [B] Estimate of DSPs recoverable by dense merging ; Pins ; Virtual Pins ; IOPLLs ; Full Hierarchy Name                   ; Entity Name      ; Library Name ;
+------------------------------+----------------------+----------------------------------+---------------------------------------------------+----------------------------------+----------------------+---------------------+---------------------------+---------------+-------------------+-------+--------------------------+----------------------------------------+---------------------------------------------------+------+--------------+--------+---------------------------------------+------------------+--------------+
; |                            ; 498.5 (1.0)          ; 543.5 (0.5)                      ; 46.5 (0.0)                                        ; 1.5 (0.5)                        ; 0.0 (0.0)            ; 705 (1)             ; 676 (0)                   ; 0 (0)         ; 8192              ; 1     ; 0                        ; 0                                      ; 0                                                 ; 496  ; 0            ; 0 (0)  ; |                                     ; fpga_top         ; altera_work  ;
;    |dut|                     ; 497.5 (0.0)          ; 543.0 (0.0)                      ; 46.5 (0.0)                                        ; 1.0 (0.0)                        ; 0.0 (0.0)            ; 704 (0)             ; 676 (0)                   ; 0 (0)         ; 8192              ; 1     ; 0                        ; 0                                      ; 0                                                 ; 0    ; 0            ; 0 (0)  ; dut                                   ; top              ; altera_work  ;
;       |aggr|                 ; 1.5 (1.5)            ; 1.5 (1.5)                        ; 0.0 (0.0)                                         ; 0.0 (0.0)                        ; 0.0 (0.0)            ; 2 (2)               ; 0 (0)                     ; 0 (0)         ; 0                 ; 0     ; 0                        ; 0                                      ; 0                                                 ; 0    ; 0            ; 0 (0)  ; dut|aggr                              ; irq_aggregator   ; altera_work  ;
;       |fifo1|                ; 103.8 (103.8)        ; 123.4 (123.4)                    ; 20.5 (20.5)                                       ; 0.9 (0.9)                        ; 0.0 (0.0)            ; 126 (126)           ; 182 (182)                 ; 0 (0)         ; 8192              ; 1     ; 0                        ; 0                                      ; 0                                                 ; 0    ; 0            ; 0 (0)  ; dut|fifo1                             ; fifo             ; altera_work  ;
;          |memory_rtl_0|      ; 0.0 (0.0)            ; 0.0 (0.0)                        ; 0.0 (0.0)                                         ; 0.0 (0.0)                        ; 0.0 (0.0)            ; 0 (0)               ; 0 (0)                     ; 0 (0)         ; 8192              ; 1     ; 0                        ; 0                                      ; 0                                                 ; 0    ; 0            ; 0 (0)  ; dut|fifo1|memory_rtl_0                ; altsyncram       ; work         ;
;             |auto_generated| ; 0.0 (0.0)            ; 0.0 (0.0)                        ; 0.0 (0.0)                                         ; 0.0 (0.0)                        ; 0.0 (0.0)            ; 0 (0)               ; 0 (0)                     ; 0 (0)         ; 8192              ; 1     ; 0                        ; 0                                      ; 0                                                 ; 0    ; 0            ; 0 (0)  ; dut|fifo1|memory_rtl_0|auto_generated ; altsyncram_aclb1 ; altera_work  ;
;       |gpio1|                ; 108.9 (108.9)        ; 117.9 (117.9)                    ; 9.0 (9.0)                                         ; 0.0 (0.0)                        ; 0.0 (0.0)            ; 122 (122)           ; 224 (224)                 ; 0 (0)         ; 0                 ; 0     ; 0                        ; 0                                      ; 0                                                 ; 0    ; 0            ; 0 (0)  ; dut|gpio1                             ; gpio             ; altera_work  ;
;       |timer1|               ; 78.5 (78.5)          ; 85.4 (85.4)                      ; 6.9 (6.9)                                         ; 0.0 (0.0)                        ; 0.0 (0.0)            ; 102 (102)           ; 162 (162)                 ; 0 (0)         ; 0                 ; 0     ; 0                        ; 0                                      ; 0                                                 ; 0    ; 0            ; 0 (0)  ; dut|timer1                            ; timer            ; altera_work  ;
;       |u_decoder|            ; 42.9 (42.9)          ; 42.8 (42.8)                      ; 0.1 (0.1)                                         ; 0.1 (0.1)                        ; 0.0 (0.0)            ; 129 (129)           ; 0 (0)                     ; 0 (0)         ; 0                 ; 0     ; 0                        ; 0                                      ; 0                                                 ; 0    ; 0            ; 0 (0)  ; dut|u_decoder                         ; address_decoder  ; altera_work  ;
;       |wrapper|              ; 161.9 (161.9)        ; 171.9 (171.9)                    ; 10.0 (10.0)                                       ; 0.0 (0.0)                        ; 0.0 (0.0)            ; 223 (223)           ; 108 (108)                 ; 0 (0)         ; 0                 ; 0     ; 0                        ; 0                                      ; 0                                                 ; 0    ; 0            ; 0 (0)  ; dut|wrapper                           ; axi4lite_wrapper ; altera_work  ;
+------------------------------+----------------------+----------------------------------+---------------------------------------------------+----------------------------------+----------------------+---------------------+---------------------------+---------------+-------------------+-------+--------------------------+----------------------------------------+---------------------------------------------------+------+--------------+--------+---------------------------------------+------------------+--------------+
Note: For table entries with two numbers listed, the numbers in parentheses indicate the number of resources of the given type used by the specific entity alone. The numbers listed outside of parentheses indicate the total resources of the given type used by the specific entity and all of its sub-entities in the hierarchy.


+----------------------------------------------------------------------------------------------------------------------------------------------------------------------------------------------------------------------------------------------------------------------------------------------------------------------------------------------------------------------------------------------------------------------------------------------------------------------------------------------------------------------------------------------------------------------------------------------------------------------------------------------------------------+
; Fitter RAM Summary                                                                                                                                                                                                                                                                                                                                                                                                                                                                                                                                                                                                                                             ;
+--------------------------------------------------+------+------------------+--------------+--------------+--------------+--------------+--------------+------------------------+-------------------------+------------------------+-------------------------+--------------+-----------------------------+-----------------------------+-----------------------------+-----------------------------+---------------------+-------------+-------+------+-----------------+---------------------+-----------------+-----------------+----------+------------------------+------------------+---------------------------------------------------------------------+
; Name                                             ; Type ; Mode             ; Clock Mode   ; Port A Depth ; Port A Width ; Port B Depth ; Port B Width ; Port A Input Registers ; Port A Output Registers ; Port B Input Registers ; Port B Output Registers ; Logical Size ; Implementation Port A Depth ; Implementation Port A Width ; Implementation Port B Depth ; Implementation Port B Width ; Implementation Bits ; M20K blocks ; MLABs ; MIF  ; Location        ; Mixed Port RDW Mode ; Port A RDW Mode ; Port B RDW Mode ; ECC Mode ; ECC Pipeline Registers ; Performance Mode ; Fits in MLABs                                                       ;
+--------------------------------------------------+------+------------------+--------------+--------------+--------------+--------------+--------------+------------------------+-------------------------+------------------------+-------------------------+--------------+-----------------------------+-----------------------------+-----------------------------+-----------------------------+---------------------+-------------+-------+------+-----------------+---------------------+-----------------+-----------------+----------+------------------------+------------------+---------------------------------------------------------------------+
; dut|fifo1|memory_rtl_0|auto_generated|ALTSYNCRAM ; M20K ; Simple Dual Port ; Single Clock ; 256          ; 32           ; 256          ; 32           ; yes                    ; no                      ; yes                    ; no                      ; 8192         ; 256                         ; 32                          ; 256                         ; 32                          ; 8192                ; 1.000       ; 0.000 ; None ; M20K_X30_Y38_N0 ; Old data            ; New data        ; New data        ; Off      ; No                     ;                  ; No - Unsupported Mixed Feed Through Setting in Auto MLAB Conversion ;
+--------------------------------------------------+------+------------------+--------------+--------------+--------------+--------------+--------------+------------------------+-------------------------+------------------------+-------------------------+--------------+-----------------------------+-----------------------------+-----------------------------+-----------------------------+---------------------+-------------+-------+------+-----------------+---------------------+-----------------+-----------------+----------+------------------------+------------------+---------------------------------------------------------------------+
Note: Fitter may spread logical memories into multiple blocks to improve timing. The actual required RAM blocks can be found in the Fitter Resource Usage section.


+------------------------------------------------------------------------------------------------------------------------------------+
; Fitter Physical RAM Information                                                                                                    ;
+-----------------------+-------------------------+-------------------------------+--------------------------------------------------+
; Physical RAM Location ; Physical RAM Usage Bits ; Physical RAM Usage Percentage ; Logical RAM Name                                 ;
+-----------------------+-------------------------+-------------------------------+--------------------------------------------------+
; M20K_X30_Y38_N0       ; 8192                    ; 40.0                          ; dut|fifo1|memory_rtl_0|auto_generated|ALTSYNCRAM ;
+-----------------------+-------------------------+-------------------------------+--------------------------------------------------+
Note: This table shows up to 500 physical rams that are least utilized. You can change this number by setting PHYSICAL_RAM_RPT_MAX_ROW in qsf file.


+----------------+
; Place Messages ;
+----------------+
Info (20030): Parallel compilation is enabled and will use 14 of the 14 processors detected
Info: *******************************************************************
Info: Running Quartus Prime Fitter
    Info: Version 26.1.0 Build 110 03/26/2026 SC Pro Edition
    Info: Processing started: Sun Jul  5 18:20:58 2026
    Info: System process ID: 4336
Info: Command: quartus_fit --read_settings_files=on --write_settings_files=off axi4lite_subsystem -c axi4lite_subsystem
Info: qfit2_default_script.tcl version: #1
Info: Project  = axi4lite_subsystem
Info: Revision = axi4lite_subsystem
Info (11165): Fitter preparation operations ending: elapsed time is 00:00:09
Info (22300): Design uses Placement Effort Multiplier = 1.0.
Info (170189): Fitter placement preparation operations beginning
Info (25164): The Fitter could not convert one or more RAM instances into MLABs automatically because auto MLAB conversion requires the Read-During-Write mode set to Don't Care. Change the Read-During-Write mode to Don't Care in the affected RAMS. Alternatively, to keep the current Read-During-Write mode, change the RAM type to MLAB instead of AUTO. For information on which RAM instances are affected, refer to the 'Fitter RAM Summary' table in the Fitter Report.
Info (25141): The Fitter is using Advanced Physical Optimization.
Info (170190): Fitter placement preparation operations ending: elapsed time is 00:00:03
Info (25133): Total time spent on timing analysis during Global Placement is 0.69 seconds.
Info (22300): Design uses Placement Effort Multiplier = 1.0.
Info (170189): Fitter placement preparation operations beginning
Info (170190): Fitter placement preparation operations ending: elapsed time is 00:00:04
Info (170191): Fitter placement operations beginning
Info (170137): Fitter placement was successful
Info (170192): Fitter placement operations ending: elapsed time is 00:00:10
Info (25133): Total time spent on timing analysis during Placement is 0.01 seconds.


