Synthesis Analysis & Elaboration Stage Report for axi4lite_subsystem
Sun Jul  5 18:20:49 2026
Quartus Prime Version 26.1.0 Build 110 03/26/2026 SC Pro Edition


---------------------
; Table of Contents ;
---------------------
  1. Legal Notice
  2. Parameter Settings for User Entity fifo Instance: dut|fifo1
  3. Top Causes of Logic Optimized Away During Sweep
  4. Analysis & Elaboration Messages



----------------
; Legal Notice ;
----------------
Copyright (C) 2026  Altera Corporation. All rights reserved.
Your use of Altera Corporation's design tools, logic functions 
and other software and tools, and any partner logic 
functions, and any output files from any of the foregoing 
(including device programming or simulation files), and any 
associated documentation or information are expressly subject 
to the terms and conditions of the Altera Program License 
Subscription Agreement, the Altera Quartus Prime License Agreement,
the Altera IP License Agreement, or other applicable license
agreement, including, without limitation, that your use is for
the sole purpose of programming logic devices manufactured by
Altera and sold by Altera or its authorized distributors.  Please
refer to the Altera Software License Subscription Agreements 
on the Quartus Prime software download page.



+-------------------------------------------------------------+
; Parameter Settings for User Entity fifo Instance: dut|fifo1 ;
+----------------+-------+------------------------------------+
; Parameter Name ; Value ; Type                               ;
+----------------+-------+------------------------------------+
; DEPTH          ; 256   ; Signed Integer                     ;
+----------------+-------+------------------------------------+
All Instances:
dut|fifo1



Top root causes of logic optimization that have been identified during sweep. For more details and filtering options, ensure that you have compiled with the "Enable RTL Analysis Debug Mode " setting turned on under Assignments->Settings->Compiler Settings, then go to the " Root Causes Tab " in the " Sweep Hints Viewer " tool in the " RTL Analyzer ".
+-------------------------------------------------------------------------------------+
; Top Causes of Logic Optimized Away During Sweep                                     ;
+----------------------------+------------------+---------------+---------------------+
; Root Object Path           ; Root Object Type ; Root Reason   ; Swept Objects Count ;
+----------------------------+------------------+---------------+---------------------+
; dut|wrapper|axiif.WSTRB[3] ; INPUT_PORT       ; has no fanout ; 1                   ;
; dut|wrapper|axiif.WSTRB[2] ; INPUT_PORT       ; has no fanout ; 1                   ;
; dut|wrapper|axiif.WSTRB[1] ; INPUT_PORT       ; has no fanout ; 1                   ;
; dut|wrapper|axiif.WSTRB[0] ; INPUT_PORT       ; has no fanout ; 1                   ;
; dut|aggr|irqif.CLK         ; INPUT_PORT       ; has no fanout ; 0                   ;
+----------------------------+------------------+---------------+---------------------+


+---------------------------------+
; Analysis & Elaboration Messages ;
+---------------------------------+
Info: *******************************************************************
Info: Running Quartus Prime Synthesis
    Info: Version 26.1.0 Build 110 03/26/2026 SC Pro Edition
    Info: Processing started: Sun Jul  5 18:20:46 2026
    Info: System process ID: 21468
Info: Command: quartus_syn --read_settings_files=on --write_settings_files=off axi4lite_subsystem -c axi4lite_subsystem
Info: qis_default_flow_script.tcl version: #1
Info: Initializing Synthesis...
Info: Project = "axi4lite_subsystem"
Info: Revision = "axi4lite_subsystem"
Info (21958): Initialized Quartus Message Database
Info: Analyzing source files
Info: Elaborating from top-level entity "fpga_top"
Info (22567): Verilog HDL info at fifo.sv(26): extracting RAM for identifier 'memory' File: D:/verilog_projects/quartus/axi4lite_subsystem/rtl/fifo.sv Line: 26
Info: Found 13 design entities
Info: There are 8 partitions after elaboration.
Info: DA report generation in native DNI mode
Info (21615): Running Design Assistant Rules for snapshot 'partitioned'
Info: No waiver waived any violations
Info (22360): Design Assistant Results: 3 of 3 enabled rules passed, and 0 rules was disabled, in snapshot 'partitioned'
Info (21622): Design Assistant Results: 0 of 3 Low severity rules issued violations in snapshot 'partitioned'


